// Jest Snapshot v1, https://goo.gl/fbAQLP

exports[`SignupForm testing... render snapshot 1`] = `
<form
  className="form"
  onSubmit={[Function]}
>
  <Input
    Blur={[Function]}
    Change={[Function]}
    Error={false}
    Focus={[Function]}
    Focused={false}
    ID="0"
    Placeholder="Username"
    Type="text"
    Value=""
    name="username"
  />
  <Input
    Blur={[Function]}
    Change={[Function]}
    Error={false}
    Focus={[Function]}
    Focused={false}
    ID="1"
    Placeholder="Password"
    Type="password"
    Value=""
    name="password"
  />
  <Input
    Blur={[Function]}
    Change={[Function]}
    Error={false}
    Focus={[Function]}
    Focused={false}
    ID="2"
    Placeholder="nickname"
    Type="text"
    Value=""
    name="nickname"
  />
  <button
    className="iconButton"
    disabled={false}
    type="submit"
  >
    <span
      className="label"
    >
      Register
    </span>
  </button>
</form>
`;
